../Core/Src/main.c:93:10:MAP	24	static
../Core/Src/main.c:98:6:en_a	8	static
../Core/Src/main.c:101:6:stop	8	static
../Core/Src/main.c:105:6:en_a1	8	static
../Core/Src/main.c:108:6:stop1	8	static
../Core/Src/main.c:111:6:HAL_ADC_ConvCpltCallback	24	static
../Core/Src/main.c:290:6:HAL_GPIO_EXTI_Callback	16	static
../Core/Src/main.c:306:5:main	8	static
../Core/Src/main.c:358:6:SystemClock_Config	88	static
../Core/Src/main.c:404:13:MX_ADC1_Init	24	static
../Core/Src/main.c:483:13:MX_TIM1_Init	96	static
../Core/Src/main.c:570:13:MX_USART1_UART_Init	8	static
../Core/Src/main.c:601:13:MX_DMA_Init	16	static
../Core/Src/main.c:622:13:MX_GPIO_Init	56	static
../Core/Src/main.c:744:6:Error_Handler	4	static,ignoring_inline_asm
