../Src/main.c:98:5:main	8	static
../Src/main.c:116:6:delay_ms	24	static
../Src/main.c:132:10:CalculatorTime	24	static
../Src/main.c:149:13:AppCommon	16	static
../Src/main.c:172:13:SPI1_Init	16	static
../Src/main.c:200:13:I2C_Init_temphumi	32	static
../Src/main.c:239:6:I2C_start	8	static
../Src/main.c:259:6:I2C_address_direction	16	static
../Src/main.c:282:6:I2C_transmit	16	static
../Src/main.c:298:6:I2C_stop	8	static
../Src/main.c:310:9:I2C_receive_nack	8	static
../Src/main.c:329:9:I2C_receive_ack	8	static
../Src/main.c:347:13:TemHumSensor_readRegister	40	static
../Src/main.c:394:10:GetTemp_Sensor	32	static
../Src/main.c:416:10:GetHumi_Sensor	32	static
../Src/main.c:440:6:processGetValueSensor	16	static
../Src/main.c:495:6:Scan_SensorLCD	16	static
../Src/main.c:512:6:Scan_TimeSensor	24	static
